
main.elf:     file format elf32-littlearm


Disassembly of section .text:

08000000 <vtable>:
 8000000:	20001000 	andcs	r1, r0, r0
 8000004:	08000009 	stmdaeq	r0, {r0, r3}

08000008 <reset_handler>:
 8000008:	4802      	ldr	r0, [pc, #8]	; (8000014 <main_loop+0x4>)
 800000a:	4685      	mov	sp, r0
 800000c:	4f02      	ldr	r7, [pc, #8]	; (8000018 <main_loop+0x8>)
 800000e:	2000      	movs	r0, #0

08000010 <main_loop>:
 8000010:	3001      	adds	r0, #1
 8000012:	e7fd      	b.n	8000010 <main_loop>
 8000014:	20001000 	andcs	r1, r0, r0
 8000018:	deadbeef 	cdple	14, 10, cr11, cr13, cr15, {7}

Disassembly of section .dynamic_allocations:

20000000 <_ssystem_ram>:
	...

Disassembly of section .ARM.attributes:

00000000 <.ARM.attributes>:
   0:	00002041 	andeq	r2, r0, r1, asr #32
   4:	61656100 	cmnvs	r5, r0, lsl #2
   8:	01006962 	tsteq	r0, r2, ror #18
   c:	00000016 	andeq	r0, r0, r6, lsl r0
  10:	726f4305 	rsbvc	r4, pc, #335544320	; 0x14000000
  14:	2d786574 	cfldr64cs	mvdx6, [r8, #-464]!	; 0xfffffe30
  18:	0600304d 	streq	r3, [r0], -sp, asr #32
  1c:	094d070c 	stmdbeq	sp, {r2, r3, r8, r9, sl}^
  20:	Address 0x00000020 is out of bounds.

